Γû▓ Next.js 16.1.6 (Turbopack)
- Environments: .env.local

  Creating an optimized production build ...
node.exe : 
At C:\Program Files\nod
ejs\npx.ps1:29 char:3
+   & $NODE_EXE 
$NPX_CLI_JS $args
+   ~~~~~~~~~~~~~~~~~~~
~~~~~~~~~~
    + CategoryInfo     
         : NotSpecifi  
  ed: (:String) [],    
 RemoteException
    + FullyQualifiedEr 
   rorId : NativeComm  
  andError
 
> Build error occurred
Error: Turbopack build 
failed with 1 errors:
./src/services/workerSe
rvice.ts:4:1
Export 
getPayoutsByWorker 
doesn't exist in 
target module
[0m [90m 2 |[39m 
[36mimport[39m { 
[33mWorker[39m } 
[36mfrom[39m [32m"@/
models/Worker"[39m[33
m;[39m
 [90m 3 |[39m 
[36mimport[39m { 
[33mPolicy[39m } 
[36mfrom[39m [32m"@/
models/Policy"[39m[33
m;[39m
[31m[1m>[22m[39m[9
0m 4 |[39m 
[36mimport[39m { 
getPayoutsByWorker } 
[36mfrom[39m [32m"@/
services/payoutService"
[39m[33m;[39m
 [90m   |[39m [31m[
1m^[22m[39m[31m[1m^
[22m[39m[31m[1m^[2
2m[39m[31m[1m^[22m
[39m[31m[1m^[22m[39
m[31m[1m^[22m[39m[
31m[1m^[22m[39m[31m
[1m^[22m[39m[31m[1
m^[22m[39m[31m[1m^
[22m[39m[31m[1m^[22
m[39m[31m[1m^[22m[
39m[31m[1m^[22m[39m
[31m[1m^[22m[39m[3
1m[1m^[22m[39m[31m
[1m^[22m[39m[31m[1m
^[22m[39m[31m[1m^[
22m[39m[31m[1m^[22m
[39m[31m[1m^[22m[3
9m[31m[1m^[22m[39m
[31m[1m^[22m[39m[31
m[1m^[22m[39m[31m[
1m^[22m[39m[31m[1m^
[22m[39m[31m[1m^[2
2m[39m[31m[1m^[22m
[39m[31m[1m^[22m[39
m[31m[1m^[22m[39m[
31m[1m^[22m[39m[31m
[1m^[22m[39m[31m[1
m^[22m[39m[31m[1m^
[22m[39m[31m[1m^[22
m[39m[31m[1m^[22m[
39m[31m[1m^[22m[39m
[31m[1m^[22m[39m[3
1m[1m^[22m[39m[31m
[1m^[22m[39m[31m[1m
^[22m[39m[31m[1m^[
22m[39m[31m[1m^[22m
[39m[31m[1m^[22m[3
9m[31m[1m^[22m[39m
[31m[1m^[22m[39m[31
m[1m^[22m[39m[31m[
1m^[22m[39m[31m[1m^
[22m[39m[31m[1m^[2
2m[39m[31m[1m^[22m
[39m[31m[1m^[22m[39
m[31m[1m^[22m[39m[
31m[1m^[22m[39m[31m
[1m^[22m[39m[31m[1
m^[22m[39m[31m[1m^
[22m[39m[31m[1m^[22
m[39m[31m[1m^[22m[
39m[31m[1m^[22m[39m
[31m[1m^[22m[39m[3
1m[1m^[22m[39m[31m
[1m^[22m[39m
 [90m 5 |[39m
 [90m 6 |[39m 
[36mexport[39m 
[36mconst[39m 
workerService 
[33m=[39m {
 [90m 7 |[39m   
[90m/**[39m[0m

The export 
getPayoutsByWorker was 
not found in module [pr
oject]/src/services/pay
outService.ts 
[app-route] 
(ecmascript).
Did you mean to import 
payoutService?
All exports of the 
module are statically 
known (It doesn't have 
dynamic exports). So 
it's known statically 
that the requested 
export doesn't exist.

Import trace:
  App Route:
    ./src/services/work
erService.ts
    ./src/app/api/worke
rs/route.ts


    at <unknown> (./src
/services/workerService
.ts:4:1)
